// Jest Snapshot v1, https://goo.gl/fbAQLP

exports[`Loader should render correctly with no props 1`] = `ShallowWrapper {}`;
